SELECT `all`, [select] AS [from], r.read FROM `table`;

SELECT COUNT(*);

REPLACE INTO t1 VALUES ('a', 'b');

SELECT REPLACE('sqlfmt', 'fmt', 'format');

ALTER TABLE t1
ADD INDEX index_name (c1),
MODIFY foo INT(1) NULL,
CHANGE c2 c2 decimal(10, 2) NULL after c1;

SELECT modify
FROM bar;

CREATE PROCEDURE my_procedure();

CALL my_procedure('value');
